// Jest Snapshot v1, https://goo.gl/fbAQLP

exports[`renders loaded 1`] = `
<div>
  component loaded
</div>
`;

exports[`renders loading 1`] = `
<div>
  Loading...
</div>
`;
